// Jest Snapshot v1, https://goo.gl/fbAQLP

exports[`clipboard Copied cells HTML Copied HTML table snapshot 1`] = `"<table border=\\"1\\" style=\\"border-collapse:collapse\\"><tr><td style=\\"\\">1</td><td style=\\"\\">2</td></tr><tr><td style=\\"\\">3</td><td style=\\"\\"></td></tr></table>"`;
