// Jest Snapshot v1, https://goo.gl/fbAQLP

exports[`Columns Correctly update references On addition 1`] = `
Object {
  "A1": Object {
    "dependencies": Array [
      Object {
        "invalidSheetName": undefined,
        "parts": Array [
          Object {
            "colFixed": false,
            "rowFixed": false,
          },
        ],
        "prefixSheet": false,
        "sheetId": "sheet1",
        "zone": Object {
          "bottom": 0,
          "left": 3,
          "right": 3,
          "top": 0,
        },
      },
    ],
    "error": undefined,
    "formula": Object {
      "compiledFormula": [Function],
      "text": "=|0|",
    },
    "id": "2",
    "type": "formula",
    "value": null,
  },
  "A2": Object {
    "dependencies": Array [
      Object {
        "invalidSheetName": undefined,
        "parts": Array [
          Object {
            "colFixed": false,
            "rowFixed": false,
          },
        ],
        "prefixSheet": true,
        "sheetId": "sheet1",
        "zone": Object {
          "bottom": 0,
          "left": 3,
          "right": 3,
          "top": 0,
        },
      },
    ],
    "error": undefined,
    "formula": Object {
      "compiledFormula": [Function],
      "text": "=|0|",
    },
    "id": "3",
    "type": "formula",
    "value": null,
  },
  "A3": Object {
    "dependencies": Array [
      Object {
        "invalidSheetName": undefined,
        "parts": Array [
          Object {
            "colFixed": false,
            "rowFixed": false,
          },
        ],
        "prefixSheet": true,
        "sheetId": "sheet2",
        "zone": Object {
          "bottom": 0,
          "left": 1,
          "right": 1,
          "top": 0,
        },
      },
    ],
    "error": undefined,
    "formula": Object {
      "compiledFormula": [Function],
      "text": "=|0|",
    },
    "id": "4",
    "type": "formula",
    "value": null,
  },
  "F1": Object {
    "dependencies": Array [
      Object {
        "invalidSheetName": undefined,
        "parts": Array [
          Object {
            "colFixed": false,
            "rowFixed": false,
          },
        ],
        "prefixSheet": false,
        "sheetId": "sheet1",
        "zone": Object {
          "bottom": 0,
          "left": 0,
          "right": 0,
          "top": 0,
        },
      },
    ],
    "error": undefined,
    "formula": Object {
      "compiledFormula": [Function],
      "text": "=|0|",
    },
    "id": "5",
    "type": "formula",
    "value": null,
  },
  "F2": Object {
    "dependencies": Array [
      Object {
        "invalidSheetName": undefined,
        "parts": Array [
          Object {
            "colFixed": false,
            "rowFixed": false,
          },
        ],
        "prefixSheet": false,
        "sheetId": "sheet1",
        "zone": Object {
          "bottom": 0,
          "left": 3,
          "right": 3,
          "top": 0,
        },
      },
    ],
    "error": undefined,
    "formula": Object {
      "compiledFormula": [Function],
      "text": "=|0|",
    },
    "id": "6",
    "type": "formula",
    "value": null,
  },
  "F3": Object {
    "dependencies": Array [
      Object {
        "invalidSheetName": undefined,
        "parts": Array [
          Object {
            "colFixed": true,
            "rowFixed": false,
          },
        ],
        "prefixSheet": false,
        "sheetId": "sheet1",
        "zone": Object {
          "bottom": 0,
          "left": 6,
          "right": 6,
          "top": 0,
        },
      },
    ],
    "error": undefined,
    "formula": Object {
      "compiledFormula": [Function],
      "text": "=|0|",
    },
    "id": "7",
    "type": "formula",
    "value": null,
  },
  "F4": Object {
    "dependencies": Array [
      Object {
        "invalidSheetName": undefined,
        "parts": Array [
          Object {
            "colFixed": false,
            "rowFixed": false,
          },
        ],
        "prefixSheet": false,
        "sheetId": "sheet1",
        "zone": Object {
          "bottom": 2,
          "left": 5,
          "right": 5,
          "top": 2,
        },
      },
    ],
    "error": undefined,
    "formula": Object {
      "compiledFormula": [Function],
      "text": "=|0|",
    },
    "id": "8",
    "type": "formula",
    "value": null,
  },
}
`;

exports[`Columns Correctly update references On addition 2`] = `
Object {
  "A1": Object {
    "dependencies": Array [
      Object {
        "invalidSheetName": undefined,
        "parts": Array [
          Object {
            "colFixed": false,
            "rowFixed": false,
          },
        ],
        "prefixSheet": false,
        "sheetId": "sheet2",
        "zone": Object {
          "bottom": 0,
          "left": 1,
          "right": 1,
          "top": 0,
        },
      },
    ],
    "formula": Object {
      "compiledFormula": [Function],
      "text": "=|0|",
    },
    "id": "9",
    "type": "formula",
  },
  "A2": Object {
    "dependencies": Array [
      Object {
        "invalidSheetName": undefined,
        "parts": Array [
          Object {
            "colFixed": false,
            "rowFixed": false,
          },
        ],
        "prefixSheet": true,
        "sheetId": "sheet1",
        "zone": Object {
          "bottom": 0,
          "left": 3,
          "right": 3,
          "top": 0,
        },
      },
    ],
    "formula": Object {
      "compiledFormula": [Function],
      "text": "=|0|",
    },
    "id": "10",
    "type": "formula",
  },
  "A3": Object {
    "dependencies": Array [
      Object {
        "invalidSheetName": undefined,
        "parts": Array [
          Object {
            "colFixed": false,
            "rowFixed": false,
          },
        ],
        "prefixSheet": true,
        "sheetId": "sheet2",
        "zone": Object {
          "bottom": 0,
          "left": 1,
          "right": 1,
          "top": 0,
        },
      },
    ],
    "formula": Object {
      "compiledFormula": [Function],
      "text": "=|0|",
    },
    "id": "11",
    "type": "formula",
  },
}
`;

exports[`Columns Correctly update references On deletion 1`] = `
Object {
  "A1": Object {
    "dependencies": Array [
      Object {
        "invalidSheetName": undefined,
        "parts": Array [
          Object {
            "colFixed": false,
            "rowFixed": false,
          },
        ],
        "prefixSheet": false,
        "sheetId": "sheet1",
        "zone": Object {
          "bottom": 0,
          "left": 1,
          "right": 0,
          "top": 0,
        },
      },
    ],
    "error": "invalid range B1:A1",
    "formula": Object {
      "compiledFormula": [Function],
      "text": "=|0|",
    },
    "id": "2",
    "type": "formula",
    "value": "#ERROR",
  },
  "A2": Object {
    "dependencies": Array [
      Object {
        "invalidSheetName": undefined,
        "parts": Array [
          Object {
            "colFixed": false,
            "rowFixed": false,
          },
        ],
        "prefixSheet": true,
        "sheetId": "sheet1",
        "zone": Object {
          "bottom": 0,
          "left": 1,
          "right": 0,
          "top": 0,
        },
      },
    ],
    "error": "invalid range B1:A1",
    "formula": Object {
      "compiledFormula": [Function],
      "text": "=|0|",
    },
    "id": "3",
    "type": "formula",
    "value": "#ERROR",
  },
  "A3": Object {
    "dependencies": Array [
      Object {
        "invalidSheetName": undefined,
        "parts": Array [
          Object {
            "colFixed": false,
            "rowFixed": false,
          },
        ],
        "prefixSheet": true,
        "sheetId": "sheet2",
        "zone": Object {
          "bottom": 0,
          "left": 1,
          "right": 1,
          "top": 0,
        },
      },
    ],
    "error": undefined,
    "formula": Object {
      "compiledFormula": [Function],
      "text": "=|0|",
    },
    "id": "4",
    "type": "formula",
    "value": null,
  },
  "B1": Object {
    "dependencies": Array [
      Object {
        "invalidSheetName": undefined,
        "parts": Array [
          Object {
            "colFixed": false,
            "rowFixed": false,
          },
        ],
        "prefixSheet": false,
        "sheetId": "sheet1",
        "zone": Object {
          "bottom": 0,
          "left": 0,
          "right": 0,
          "top": 0,
        },
      },
    ],
    "error": "This formula depends on invalid values",
    "formula": Object {
      "compiledFormula": [Function],
      "text": "=|0|",
    },
    "id": "5",
    "type": "formula",
    "value": "#ERROR",
  },
  "B2": Object {
    "dependencies": Array [
      Object {
        "invalidSheetName": undefined,
        "parts": Array [
          Object {
            "colFixed": false,
            "rowFixed": false,
          },
        ],
        "prefixSheet": false,
        "sheetId": "sheet1",
        "zone": Object {
          "bottom": 0,
          "left": 1,
          "right": 0,
          "top": 0,
        },
      },
    ],
    "error": "invalid range B1:A1",
    "formula": Object {
      "compiledFormula": [Function],
      "text": "=|0|",
    },
    "id": "6",
    "type": "formula",
    "value": "#ERROR",
  },
  "B3": Object {
    "dependencies": Array [
      Object {
        "invalidSheetName": undefined,
        "parts": Array [
          Object {
            "colFixed": true,
            "rowFixed": false,
          },
        ],
        "prefixSheet": false,
        "sheetId": "sheet1",
        "zone": Object {
          "bottom": 0,
          "left": 2,
          "right": 2,
          "top": 0,
        },
      },
    ],
    "error": undefined,
    "formula": Object {
      "compiledFormula": [Function],
      "text": "=|0|",
    },
    "id": "7",
    "type": "formula",
    "value": null,
  },
  "B4": Object {
    "dependencies": Array [
      Object {
        "invalidSheetName": undefined,
        "parts": Array [
          Object {
            "colFixed": false,
            "rowFixed": false,
          },
        ],
        "prefixSheet": false,
        "sheetId": "sheet1",
        "zone": Object {
          "bottom": 2,
          "left": 1,
          "right": 1,
          "top": 2,
        },
      },
    ],
    "error": undefined,
    "formula": Object {
      "compiledFormula": [Function],
      "text": "=|0|",
    },
    "id": "8",
    "type": "formula",
    "value": null,
  },
}
`;

exports[`Columns Correctly update references On deletion 2`] = `
Object {
  "A1": Object {
    "dependencies": Array [
      Object {
        "invalidSheetName": undefined,
        "parts": Array [
          Object {
            "colFixed": false,
            "rowFixed": false,
          },
        ],
        "prefixSheet": false,
        "sheetId": "sheet2",
        "zone": Object {
          "bottom": 0,
          "left": 1,
          "right": 1,
          "top": 0,
        },
      },
    ],
    "formula": Object {
      "compiledFormula": [Function],
      "text": "=|0|",
    },
    "id": "9",
    "type": "formula",
  },
  "A2": Object {
    "dependencies": Array [
      Object {
        "invalidSheetName": undefined,
        "parts": Array [
          Object {
            "colFixed": false,
            "rowFixed": false,
          },
        ],
        "prefixSheet": true,
        "sheetId": "sheet1",
        "zone": Object {
          "bottom": 0,
          "left": 1,
          "right": 0,
          "top": 0,
        },
      },
    ],
    "formula": Object {
      "compiledFormula": [Function],
      "text": "=|0|",
    },
    "id": "10",
    "type": "formula",
  },
  "A3": Object {
    "dependencies": Array [
      Object {
        "invalidSheetName": undefined,
        "parts": Array [
          Object {
            "colFixed": false,
            "rowFixed": false,
          },
        ],
        "prefixSheet": true,
        "sheetId": "sheet2",
        "zone": Object {
          "bottom": 0,
          "left": 1,
          "right": 1,
          "top": 0,
        },
      },
    ],
    "formula": Object {
      "compiledFormula": [Function],
      "text": "=|0|",
    },
    "id": "11",
    "type": "formula",
  },
}
`;

exports[`Rows Correctly update references On addition 1`] = `
Object {
  "A1": Object {
    "dependencies": Array [
      Object {
        "invalidSheetName": undefined,
        "parts": Array [
          Object {
            "colFixed": false,
            "rowFixed": false,
          },
        ],
        "prefixSheet": false,
        "sheetId": "sheet1",
        "zone": Object {
          "bottom": 3,
          "left": 0,
          "right": 0,
          "top": 3,
        },
      },
    ],
    "error": undefined,
    "formula": Object {
      "compiledFormula": [Function],
      "text": "=|0|",
    },
    "id": "2",
    "type": "formula",
    "value": null,
  },
  "A6": Object {
    "dependencies": Array [
      Object {
        "invalidSheetName": undefined,
        "parts": Array [
          Object {
            "colFixed": false,
            "rowFixed": false,
          },
        ],
        "prefixSheet": false,
        "sheetId": "sheet1",
        "zone": Object {
          "bottom": 0,
          "left": 0,
          "right": 0,
          "top": 0,
        },
      },
    ],
    "error": undefined,
    "formula": Object {
      "compiledFormula": [Function],
      "text": "=|0|",
    },
    "id": "3",
    "type": "formula",
    "value": null,
  },
  "B1": Object {
    "dependencies": Array [
      Object {
        "invalidSheetName": undefined,
        "parts": Array [
          Object {
            "colFixed": false,
            "rowFixed": false,
          },
        ],
        "prefixSheet": true,
        "sheetId": "sheet1",
        "zone": Object {
          "bottom": 3,
          "left": 0,
          "right": 0,
          "top": 3,
        },
      },
    ],
    "error": undefined,
    "formula": Object {
      "compiledFormula": [Function],
      "text": "=|0|",
    },
    "id": "4",
    "type": "formula",
    "value": null,
  },
  "B6": Object {
    "dependencies": Array [
      Object {
        "invalidSheetName": undefined,
        "parts": Array [
          Object {
            "colFixed": false,
            "rowFixed": false,
          },
        ],
        "prefixSheet": false,
        "sheetId": "sheet1",
        "zone": Object {
          "bottom": 0,
          "left": 1,
          "right": 1,
          "top": 0,
        },
      },
    ],
    "error": undefined,
    "formula": Object {
      "compiledFormula": [Function],
      "text": "=|0|",
    },
    "id": "5",
    "type": "formula",
    "value": null,
  },
  "C1": Object {
    "dependencies": Array [
      Object {
        "invalidSheetName": undefined,
        "parts": Array [
          Object {
            "colFixed": false,
            "rowFixed": false,
          },
        ],
        "prefixSheet": true,
        "sheetId": "sheet2",
        "zone": Object {
          "bottom": 1,
          "left": 0,
          "right": 0,
          "top": 1,
        },
      },
    ],
    "error": undefined,
    "formula": Object {
      "compiledFormula": [Function],
      "text": "=|0|",
    },
    "id": "6",
    "type": "formula",
    "value": null,
  },
  "C6": Object {
    "dependencies": Array [
      Object {
        "invalidSheetName": undefined,
        "parts": Array [
          Object {
            "colFixed": false,
            "rowFixed": true,
          },
        ],
        "prefixSheet": false,
        "sheetId": "sheet1",
        "zone": Object {
          "bottom": 6,
          "left": 0,
          "right": 0,
          "top": 6,
        },
      },
    ],
    "error": undefined,
    "formula": Object {
      "compiledFormula": [Function],
      "text": "=|0|",
    },
    "id": "7",
    "type": "formula",
    "value": null,
  },
  "D6": Object {
    "dependencies": Array [
      Object {
        "invalidSheetName": undefined,
        "parts": Array [
          Object {
            "colFixed": false,
            "rowFixed": false,
          },
        ],
        "prefixSheet": false,
        "sheetId": "sheet1",
        "zone": Object {
          "bottom": 5,
          "left": 2,
          "right": 2,
          "top": 5,
        },
      },
    ],
    "error": undefined,
    "formula": Object {
      "compiledFormula": [Function],
      "text": "=|0|",
    },
    "id": "8",
    "type": "formula",
    "value": null,
  },
}
`;

exports[`Rows Correctly update references On addition 2`] = `
Object {
  "A1": Object {
    "dependencies": Array [
      Object {
        "invalidSheetName": undefined,
        "parts": Array [
          Object {
            "colFixed": false,
            "rowFixed": false,
          },
        ],
        "prefixSheet": false,
        "sheetId": "sheet2",
        "zone": Object {
          "bottom": 1,
          "left": 0,
          "right": 0,
          "top": 1,
        },
      },
    ],
    "formula": Object {
      "compiledFormula": [Function],
      "text": "=|0|",
    },
    "id": "9",
    "type": "formula",
  },
  "B1": Object {
    "dependencies": Array [
      Object {
        "invalidSheetName": undefined,
        "parts": Array [
          Object {
            "colFixed": false,
            "rowFixed": false,
          },
        ],
        "prefixSheet": true,
        "sheetId": "sheet1",
        "zone": Object {
          "bottom": 3,
          "left": 0,
          "right": 0,
          "top": 3,
        },
      },
    ],
    "formula": Object {
      "compiledFormula": [Function],
      "text": "=|0|",
    },
    "id": "10",
    "type": "formula",
  },
  "C1": Object {
    "dependencies": Array [
      Object {
        "invalidSheetName": undefined,
        "parts": Array [
          Object {
            "colFixed": false,
            "rowFixed": false,
          },
        ],
        "prefixSheet": true,
        "sheetId": "sheet2",
        "zone": Object {
          "bottom": 1,
          "left": 0,
          "right": 0,
          "top": 1,
        },
      },
    ],
    "formula": Object {
      "compiledFormula": [Function],
      "text": "=|0|",
    },
    "id": "11",
    "type": "formula",
  },
}
`;

exports[`Rows Correctly update references On deletion 1`] = `
Object {
  "A1": Object {
    "dependencies": Array [
      Object {
        "invalidSheetName": undefined,
        "parts": Array [
          Object {
            "colFixed": false,
            "rowFixed": false,
          },
        ],
        "prefixSheet": false,
        "sheetId": "sheet1",
        "zone": Object {
          "bottom": 0,
          "left": 0,
          "right": 0,
          "top": 1,
        },
      },
    ],
    "error": "invalid range A2:A1",
    "formula": Object {
      "compiledFormula": [Function],
      "text": "=|0|",
    },
    "id": "2",
    "type": "formula",
    "value": "#ERROR",
  },
  "A2": Object {
    "dependencies": Array [
      Object {
        "invalidSheetName": undefined,
        "parts": Array [
          Object {
            "colFixed": false,
            "rowFixed": false,
          },
        ],
        "prefixSheet": false,
        "sheetId": "sheet1",
        "zone": Object {
          "bottom": 0,
          "left": 0,
          "right": 0,
          "top": 0,
        },
      },
    ],
    "error": "This formula depends on invalid values",
    "formula": Object {
      "compiledFormula": [Function],
      "text": "=|0|",
    },
    "id": "3",
    "type": "formula",
    "value": "#ERROR",
  },
  "B1": Object {
    "dependencies": Array [
      Object {
        "invalidSheetName": undefined,
        "parts": Array [
          Object {
            "colFixed": false,
            "rowFixed": false,
          },
        ],
        "prefixSheet": true,
        "sheetId": "sheet1",
        "zone": Object {
          "bottom": 0,
          "left": 0,
          "right": 0,
          "top": 1,
        },
      },
    ],
    "error": "invalid range A2:A1",
    "formula": Object {
      "compiledFormula": [Function],
      "text": "=|0|",
    },
    "id": "4",
    "type": "formula",
    "value": "#ERROR",
  },
  "B2": Object {
    "dependencies": Array [
      Object {
        "invalidSheetName": undefined,
        "parts": Array [
          Object {
            "colFixed": false,
            "rowFixed": false,
          },
        ],
        "prefixSheet": false,
        "sheetId": "sheet1",
        "zone": Object {
          "bottom": 0,
          "left": 1,
          "right": 1,
          "top": 0,
        },
      },
    ],
    "error": "This formula depends on invalid values",
    "formula": Object {
      "compiledFormula": [Function],
      "text": "=|0|",
    },
    "id": "5",
    "type": "formula",
    "value": "#ERROR",
  },
  "C1": Object {
    "dependencies": Array [
      Object {
        "invalidSheetName": undefined,
        "parts": Array [
          Object {
            "colFixed": false,
            "rowFixed": false,
          },
        ],
        "prefixSheet": true,
        "sheetId": "sheet2",
        "zone": Object {
          "bottom": 1,
          "left": 0,
          "right": 0,
          "top": 1,
        },
      },
    ],
    "error": undefined,
    "formula": Object {
      "compiledFormula": [Function],
      "text": "=|0|",
    },
    "id": "6",
    "type": "formula",
    "value": null,
  },
  "C2": Object {
    "dependencies": Array [
      Object {
        "invalidSheetName": undefined,
        "parts": Array [
          Object {
            "colFixed": false,
            "rowFixed": true,
          },
        ],
        "prefixSheet": false,
        "sheetId": "sheet1",
        "zone": Object {
          "bottom": 2,
          "left": 0,
          "right": 0,
          "top": 2,
        },
      },
    ],
    "error": undefined,
    "formula": Object {
      "compiledFormula": [Function],
      "text": "=|0|",
    },
    "id": "7",
    "type": "formula",
    "value": null,
  },
  "D2": Object {
    "dependencies": Array [
      Object {
        "invalidSheetName": undefined,
        "parts": Array [
          Object {
            "colFixed": false,
            "rowFixed": false,
          },
        ],
        "prefixSheet": false,
        "sheetId": "sheet1",
        "zone": Object {
          "bottom": 1,
          "left": 2,
          "right": 2,
          "top": 1,
        },
      },
    ],
    "error": undefined,
    "formula": Object {
      "compiledFormula": [Function],
      "text": "=|0|",
    },
    "id": "8",
    "type": "formula",
    "value": null,
  },
}
`;

exports[`Rows Correctly update references On deletion 2`] = `
Object {
  "A1": Object {
    "dependencies": Array [
      Object {
        "invalidSheetName": undefined,
        "parts": Array [
          Object {
            "colFixed": false,
            "rowFixed": false,
          },
        ],
        "prefixSheet": false,
        "sheetId": "sheet2",
        "zone": Object {
          "bottom": 1,
          "left": 0,
          "right": 0,
          "top": 1,
        },
      },
    ],
    "formula": Object {
      "compiledFormula": [Function],
      "text": "=|0|",
    },
    "id": "9",
    "type": "formula",
  },
  "B1": Object {
    "dependencies": Array [
      Object {
        "invalidSheetName": undefined,
        "parts": Array [
          Object {
            "colFixed": false,
            "rowFixed": false,
          },
        ],
        "prefixSheet": true,
        "sheetId": "sheet1",
        "zone": Object {
          "bottom": 0,
          "left": 0,
          "right": 0,
          "top": 1,
        },
      },
    ],
    "formula": Object {
      "compiledFormula": [Function],
      "text": "=|0|",
    },
    "id": "10",
    "type": "formula",
  },
  "C1": Object {
    "dependencies": Array [
      Object {
        "invalidSheetName": undefined,
        "parts": Array [
          Object {
            "colFixed": false,
            "rowFixed": false,
          },
        ],
        "prefixSheet": true,
        "sheetId": "sheet2",
        "zone": Object {
          "bottom": 1,
          "left": 0,
          "right": 0,
          "top": 1,
        },
      },
    ],
    "formula": Object {
      "compiledFormula": [Function],
      "text": "=|0|",
    },
    "id": "11",
    "type": "formula",
  },
}
`;

exports[`Rows Correctly update references delete row on inactive sheet 1`] = `
Object {
  "B2": Object {
    "dependencies": Array [
      Object {
        "invalidSheetName": undefined,
        "parts": Array [
          Object {
            "colFixed": false,
            "rowFixed": false,
          },
        ],
        "prefixSheet": true,
        "sheetId": "s1",
        "zone": Object {
          "bottom": 1,
          "left": 0,
          "right": 0,
          "top": 1,
        },
      },
    ],
    "error": undefined,
    "formula": Object {
      "compiledFormula": [Function],
      "text": "=|0|",
    },
    "id": "2",
    "type": "formula",
    "value": null,
  },
  "C1": Object {
    "dependencies": Array [
      Object {
        "invalidSheetName": undefined,
        "parts": Array [
          Object {
            "colFixed": false,
            "rowFixed": false,
          },
        ],
        "prefixSheet": true,
        "sheetId": "s2",
        "zone": Object {
          "bottom": 0,
          "left": 0,
          "right": 0,
          "top": 0,
        },
      },
    ],
    "error": undefined,
    "formula": Object {
      "compiledFormula": [Function],
      "text": "=|0|",
    },
    "id": "3",
    "type": "formula",
    "value": null,
  },
}
`;

exports[`Rows Correctly update references delete row on inactive sheet 2`] = `
Object {
  "A1": Object {
    "dependencies": Array [
      Object {
        "invalidSheetName": undefined,
        "parts": Array [
          Object {
            "colFixed": false,
            "rowFixed": false,
          },
        ],
        "prefixSheet": false,
        "sheetId": "s2",
        "zone": Object {
          "bottom": 0,
          "left": 1,
          "right": 1,
          "top": 0,
        },
      },
    ],
    "error": undefined,
    "formula": Object {
      "compiledFormula": [Function],
      "text": "=|0|",
    },
    "id": "4",
    "type": "formula",
    "value": null,
  },
  "B1": Object {
    "dependencies": Array [
      Object {
        "invalidSheetName": undefined,
        "parts": Array [
          Object {
            "colFixed": false,
            "rowFixed": false,
          },
        ],
        "prefixSheet": true,
        "sheetId": "s1",
        "zone": Object {
          "bottom": 1,
          "left": 0,
          "right": 0,
          "top": 1,
        },
      },
    ],
    "error": undefined,
    "formula": Object {
      "compiledFormula": [Function],
      "text": "=|0|",
    },
    "id": "5",
    "type": "formula",
    "value": null,
  },
  "C1": Object {
    "dependencies": Array [
      Object {
        "invalidSheetName": undefined,
        "parts": Array [
          Object {
            "colFixed": false,
            "rowFixed": false,
          },
        ],
        "prefixSheet": true,
        "sheetId": "s2",
        "zone": Object {
          "bottom": 0,
          "left": 0,
          "right": 0,
          "top": 0,
        },
      },
    ],
    "formula": Object {
      "compiledFormula": [Function],
      "text": "=|0|",
    },
    "id": "6",
    "type": "formula",
  },
}
`;
