// Jest Snapshot v1, https://goo.gl/fbAQLP

exports[`renderer snapshot for a simple grid rendering 1`] = `
[
  "context.save()",
  "context.fillStyle="#ffffff";",
  "context.fillRect(0, 0, 952.5, 974.5)",
  "context.lineWidth=0.8;",
  "context.strokeStyle="#E2E3E3";",
  "context.beginPath()",
  "context.moveTo(96, 0)",
  "context.lineTo(96, 974)",
  "context.moveTo(192, 0)",
  "context.lineTo(192, 974)",
  "context.moveTo(288, 0)",
  "context.lineTo(288, 974)",
  "context.moveTo(384, 0)",
  "context.lineTo(384, 974)",
  "context.moveTo(480, 0)",
  "context.lineTo(480, 974)",
  "context.moveTo(576, 0)",
  "context.lineTo(576, 974)",
  "context.moveTo(672, 0)",
  "context.lineTo(672, 974)",
  "context.moveTo(768, 0)",
  "context.lineTo(768, 974)",
  "context.moveTo(864, 0)",
  "context.lineTo(864, 974)",
  "context.moveTo(960, 0)",
  "context.lineTo(960, 974)",
  "context.moveTo(0, 23)",
  "context.lineTo(952, 23)",
  "context.moveTo(0, 46)",
  "context.lineTo(952, 46)",
  "context.moveTo(0, 69)",
  "context.lineTo(952, 69)",
  "context.moveTo(0, 92)",
  "context.lineTo(952, 92)",
  "context.moveTo(0, 115)",
  "context.lineTo(952, 115)",
  "context.moveTo(0, 138)",
  "context.lineTo(952, 138)",
  "context.moveTo(0, 161)",
  "context.lineTo(952, 161)",
  "context.moveTo(0, 184)",
  "context.lineTo(952, 184)",
  "context.moveTo(0, 207)",
  "context.lineTo(952, 207)",
  "context.moveTo(0, 230)",
  "context.lineTo(952, 230)",
  "context.moveTo(0, 253)",
  "context.lineTo(952, 253)",
  "context.moveTo(0, 276)",
  "context.lineTo(952, 276)",
  "context.moveTo(0, 299)",
  "context.lineTo(952, 299)",
  "context.moveTo(0, 322)",
  "context.lineTo(952, 322)",
  "context.moveTo(0, 345)",
  "context.lineTo(952, 345)",
  "context.moveTo(0, 368)",
  "context.lineTo(952, 368)",
  "context.moveTo(0, 391)",
  "context.lineTo(952, 391)",
  "context.moveTo(0, 414)",
  "context.lineTo(952, 414)",
  "context.moveTo(0, 437)",
  "context.lineTo(952, 437)",
  "context.moveTo(0, 460)",
  "context.lineTo(952, 460)",
  "context.moveTo(0, 483)",
  "context.lineTo(952, 483)",
  "context.moveTo(0, 506)",
  "context.lineTo(952, 506)",
  "context.moveTo(0, 529)",
  "context.lineTo(952, 529)",
  "context.moveTo(0, 552)",
  "context.lineTo(952, 552)",
  "context.moveTo(0, 575)",
  "context.lineTo(952, 575)",
  "context.moveTo(0, 598)",
  "context.lineTo(952, 598)",
  "context.moveTo(0, 621)",
  "context.lineTo(952, 621)",
  "context.moveTo(0, 644)",
  "context.lineTo(952, 644)",
  "context.moveTo(0, 667)",
  "context.lineTo(952, 667)",
  "context.moveTo(0, 690)",
  "context.lineTo(952, 690)",
  "context.moveTo(0, 713)",
  "context.lineTo(952, 713)",
  "context.moveTo(0, 736)",
  "context.lineTo(952, 736)",
  "context.moveTo(0, 759)",
  "context.lineTo(952, 759)",
  "context.moveTo(0, 782)",
  "context.lineTo(952, 782)",
  "context.moveTo(0, 805)",
  "context.lineTo(952, 805)",
  "context.moveTo(0, 828)",
  "context.lineTo(952, 828)",
  "context.moveTo(0, 851)",
  "context.lineTo(952, 851)",
  "context.moveTo(0, 874)",
  "context.lineTo(952, 874)",
  "context.moveTo(0, 897)",
  "context.lineTo(952, 897)",
  "context.moveTo(0, 920)",
  "context.lineTo(952, 920)",
  "context.moveTo(0, 943)",
  "context.lineTo(952, 943)",
  "context.moveTo(0, 966)",
  "context.lineTo(952, 966)",
  "context.moveTo(0, 989)",
  "context.lineTo(952, 989)",
  "context.stroke()",
  "context.lineWidth=0.12;",
  "context.strokeStyle="#111";",
  "context.textBaseline="top";",
  "context.font="400 13px 'Roboto', arial";",
  "context.fillStyle="#000";",
  "context.textAlign="right";",
  "context.fillText("1", 92, 6)",
  "context.lineWidth=2.4000000000000004;",
  "context.strokeStyle="#DADFE8";",
  "context.beginPath()",
  "context.stroke()",
  "context.restore()",
  "context.save()",
  "context.restore()",
  "context.save()",
  "context.lineWidth=1.2000000000000002;",
  "context.restore()",
  "context.save()",
  "context.restore()",
  "context.save()",
  "context.restore()",
  "context.save()",
  "context.fillStyle="#f3f7fe";",
  "context.fillStyle="#f3f7fe";",
  "context.strokeStyle="#3266ca";",
  "context.lineWidth=0.6000000000000001;",
  "context.globalCompositeOperation="multiply";",
  "context.fillRect(0, 0, 96, 23)",
  "context.strokeRect(0, 0, 96, 23)",
  "context.globalCompositeOperation="source-over";",
  "context.strokeStyle="#3266ca";",
  "context.lineWidth=1.2000000000000002;",
  "context.strokeRect(0, 0, 96, 23)",
  "context.restore()",
  "context.save()",
  "context.restore()",
  "context.save()",
  "context.restore()",
  "context.save()",
  "context.font="400 11px 'Roboto', arial";",
  "context.textAlign="center";",
  "context.textBaseline="middle";",
  "context.lineWidth=0.4;",
  "context.strokeStyle="#333";",
  "context.fillStyle="#E8EAED";",
  "context.fillRect(0, 0, 96, 26)",
  "context.fillStyle="#F8F9FA";",
  "context.fillRect(96, 0, 96, 26)",
  "context.fillStyle="#F8F9FA";",
  "context.fillRect(192, 0, 96, 26)",
  "context.fillStyle="#F8F9FA";",
  "context.fillRect(288, 0, 96, 26)",
  "context.fillStyle="#F8F9FA";",
  "context.fillRect(384, 0, 96, 26)",
  "context.fillStyle="#F8F9FA";",
  "context.fillRect(480, 0, 96, 26)",
  "context.fillStyle="#F8F9FA";",
  "context.fillRect(576, 0, 96, 26)",
  "context.fillStyle="#F8F9FA";",
  "context.fillRect(672, 0, 96, 26)",
  "context.fillStyle="#F8F9FA";",
  "context.fillRect(768, 0, 96, 26)",
  "context.fillStyle="#F8F9FA";",
  "context.fillRect(864, 0, 96, 26)",
  "context.fillStyle="#E8EAED";",
  "context.fillRect(0, 0, 48, 23)",
  "context.fillStyle="#F8F9FA";",
  "context.fillRect(0, 23, 48, 23)",
  "context.fillStyle="#F8F9FA";",
  "context.fillRect(0, 46, 48, 23)",
  "context.fillStyle="#F8F9FA";",
  "context.fillRect(0, 69, 48, 23)",
  "context.fillStyle="#F8F9FA";",
  "context.fillRect(0, 92, 48, 23)",
  "context.fillStyle="#F8F9FA";",
  "context.fillRect(0, 115, 48, 23)",
  "context.fillStyle="#F8F9FA";",
  "context.fillRect(0, 138, 48, 23)",
  "context.fillStyle="#F8F9FA";",
  "context.fillRect(0, 161, 48, 23)",
  "context.fillStyle="#F8F9FA";",
  "context.fillRect(0, 184, 48, 23)",
  "context.fillStyle="#F8F9FA";",
  "context.fillRect(0, 207, 48, 23)",
  "context.fillStyle="#F8F9FA";",
  "context.fillRect(0, 230, 48, 23)",
  "context.fillStyle="#F8F9FA";",
  "context.fillRect(0, 253, 48, 23)",
  "context.fillStyle="#F8F9FA";",
  "context.fillRect(0, 276, 48, 23)",
  "context.fillStyle="#F8F9FA";",
  "context.fillRect(0, 299, 48, 23)",
  "context.fillStyle="#F8F9FA";",
  "context.fillRect(0, 322, 48, 23)",
  "context.fillStyle="#F8F9FA";",
  "context.fillRect(0, 345, 48, 23)",
  "context.fillStyle="#F8F9FA";",
  "context.fillRect(0, 368, 48, 23)",
  "context.fillStyle="#F8F9FA";",
  "context.fillRect(0, 391, 48, 23)",
  "context.fillStyle="#F8F9FA";",
  "context.fillRect(0, 414, 48, 23)",
  "context.fillStyle="#F8F9FA";",
  "context.fillRect(0, 437, 48, 23)",
  "context.fillStyle="#F8F9FA";",
  "context.fillRect(0, 460, 48, 23)",
  "context.fillStyle="#F8F9FA";",
  "context.fillRect(0, 483, 48, 23)",
  "context.fillStyle="#F8F9FA";",
  "context.fillRect(0, 506, 48, 23)",
  "context.fillStyle="#F8F9FA";",
  "context.fillRect(0, 529, 48, 23)",
  "context.fillStyle="#F8F9FA";",
  "context.fillRect(0, 552, 48, 23)",
  "context.fillStyle="#F8F9FA";",
  "context.fillRect(0, 575, 48, 23)",
  "context.fillStyle="#F8F9FA";",
  "context.fillRect(0, 598, 48, 23)",
  "context.fillStyle="#F8F9FA";",
  "context.fillRect(0, 621, 48, 23)",
  "context.fillStyle="#F8F9FA";",
  "context.fillRect(0, 644, 48, 23)",
  "context.fillStyle="#F8F9FA";",
  "context.fillRect(0, 667, 48, 23)",
  "context.fillStyle="#F8F9FA";",
  "context.fillRect(0, 690, 48, 23)",
  "context.fillStyle="#F8F9FA";",
  "context.fillRect(0, 713, 48, 23)",
  "context.fillStyle="#F8F9FA";",
  "context.fillRect(0, 736, 48, 23)",
  "context.fillStyle="#F8F9FA";",
  "context.fillRect(0, 759, 48, 23)",
  "context.fillStyle="#F8F9FA";",
  "context.fillRect(0, 782, 48, 23)",
  "context.fillStyle="#F8F9FA";",
  "context.fillRect(0, 805, 48, 23)",
  "context.fillStyle="#F8F9FA";",
  "context.fillRect(0, 828, 48, 23)",
  "context.fillStyle="#F8F9FA";",
  "context.fillRect(0, 851, 48, 23)",
  "context.fillStyle="#F8F9FA";",
  "context.fillRect(0, 874, 48, 23)",
  "context.fillStyle="#F8F9FA";",
  "context.fillRect(0, 897, 48, 23)",
  "context.fillStyle="#F8F9FA";",
  "context.fillRect(0, 920, 48, 23)",
  "context.fillStyle="#F8F9FA";",
  "context.fillRect(0, 943, 48, 23)",
  "context.fillStyle="#F8F9FA";",
  "context.fillRect(0, 966, 48, 23)",
  "context.beginPath()",
  "context.moveTo(48, 0)",
  "context.lineTo(48, 974)",
  "context.moveTo(0, 26)",
  "context.lineTo(952, 26)",
  "context.strokeStyle="#C0C0C0";",
  "context.stroke()",
  "context.beginPath()",
  "context.fillStyle="#666666";",
  "context.fillText("A", 96, 13)",
  "context.moveTo(144, 0)",
  "context.lineTo(144, 26)",
  "context.fillStyle="#666666";",
  "context.fillText("B", 192, 13)",
  "context.moveTo(240, 0)",
  "context.lineTo(240, 26)",
  "context.fillStyle="#666666";",
  "context.fillText("C", 288, 13)",
  "context.moveTo(336, 0)",
  "context.lineTo(336, 26)",
  "context.fillStyle="#666666";",
  "context.fillText("D", 384, 13)",
  "context.moveTo(432, 0)",
  "context.lineTo(432, 26)",
  "context.fillStyle="#666666";",
  "context.fillText("E", 480, 13)",
  "context.moveTo(528, 0)",
  "context.lineTo(528, 26)",
  "context.fillStyle="#666666";",
  "context.fillText("F", 576, 13)",
  "context.moveTo(624, 0)",
  "context.lineTo(624, 26)",
  "context.fillStyle="#666666";",
  "context.fillText("G", 672, 13)",
  "context.moveTo(720, 0)",
  "context.lineTo(720, 26)",
  "context.fillStyle="#666666";",
  "context.fillText("H", 768, 13)",
  "context.moveTo(816, 0)",
  "context.lineTo(816, 26)",
  "context.fillStyle="#666666";",
  "context.fillText("I", 864, 13)",
  "context.moveTo(912, 0)",
  "context.lineTo(912, 26)",
  "context.fillStyle="#666666";",
  "context.fillText("J", 960, 13)",
  "context.moveTo(1008, 0)",
  "context.lineTo(1008, 26)",
  "context.fillStyle="#666666";",
  "context.fillText("1", 24, 37.5)",
  "context.moveTo(0, 49)",
  "context.lineTo(48, 49)",
  "context.fillStyle="#666666";",
  "context.fillText("2", 24, 60.5)",
  "context.moveTo(0, 72)",
  "context.lineTo(48, 72)",
  "context.fillStyle="#666666";",
  "context.fillText("3", 24, 83.5)",
  "context.moveTo(0, 95)",
  "context.lineTo(48, 95)",
  "context.fillStyle="#666666";",
  "context.fillText("4", 24, 106.5)",
  "context.moveTo(0, 118)",
  "context.lineTo(48, 118)",
  "context.fillStyle="#666666";",
  "context.fillText("5", 24, 129.5)",
  "context.moveTo(0, 141)",
  "context.lineTo(48, 141)",
  "context.fillStyle="#666666";",
  "context.fillText("6", 24, 152.5)",
  "context.moveTo(0, 164)",
  "context.lineTo(48, 164)",
  "context.fillStyle="#666666";",
  "context.fillText("7", 24, 175.5)",
  "context.moveTo(0, 187)",
  "context.lineTo(48, 187)",
  "context.fillStyle="#666666";",
  "context.fillText("8", 24, 198.5)",
  "context.moveTo(0, 210)",
  "context.lineTo(48, 210)",
  "context.fillStyle="#666666";",
  "context.fillText("9", 24, 221.5)",
  "context.moveTo(0, 233)",
  "context.lineTo(48, 233)",
  "context.fillStyle="#666666";",
  "context.fillText("10", 24, 244.5)",
  "context.moveTo(0, 256)",
  "context.lineTo(48, 256)",
  "context.fillStyle="#666666";",
  "context.fillText("11", 24, 267.5)",
  "context.moveTo(0, 279)",
  "context.lineTo(48, 279)",
  "context.fillStyle="#666666";",
  "context.fillText("12", 24, 290.5)",
  "context.moveTo(0, 302)",
  "context.lineTo(48, 302)",
  "context.fillStyle="#666666";",
  "context.fillText("13", 24, 313.5)",
  "context.moveTo(0, 325)",
  "context.lineTo(48, 325)",
  "context.fillStyle="#666666";",
  "context.fillText("14", 24, 336.5)",
  "context.moveTo(0, 348)",
  "context.lineTo(48, 348)",
  "context.fillStyle="#666666";",
  "context.fillText("15", 24, 359.5)",
  "context.moveTo(0, 371)",
  "context.lineTo(48, 371)",
  "context.fillStyle="#666666";",
  "context.fillText("16", 24, 382.5)",
  "context.moveTo(0, 394)",
  "context.lineTo(48, 394)",
  "context.fillStyle="#666666";",
  "context.fillText("17", 24, 405.5)",
  "context.moveTo(0, 417)",
  "context.lineTo(48, 417)",
  "context.fillStyle="#666666";",
  "context.fillText("18", 24, 428.5)",
  "context.moveTo(0, 440)",
  "context.lineTo(48, 440)",
  "context.fillStyle="#666666";",
  "context.fillText("19", 24, 451.5)",
  "context.moveTo(0, 463)",
  "context.lineTo(48, 463)",
  "context.fillStyle="#666666";",
  "context.fillText("20", 24, 474.5)",
  "context.moveTo(0, 486)",
  "context.lineTo(48, 486)",
  "context.fillStyle="#666666";",
  "context.fillText("21", 24, 497.5)",
  "context.moveTo(0, 509)",
  "context.lineTo(48, 509)",
  "context.fillStyle="#666666";",
  "context.fillText("22", 24, 520.5)",
  "context.moveTo(0, 532)",
  "context.lineTo(48, 532)",
  "context.fillStyle="#666666";",
  "context.fillText("23", 24, 543.5)",
  "context.moveTo(0, 555)",
  "context.lineTo(48, 555)",
  "context.fillStyle="#666666";",
  "context.fillText("24", 24, 566.5)",
  "context.moveTo(0, 578)",
  "context.lineTo(48, 578)",
  "context.fillStyle="#666666";",
  "context.fillText("25", 24, 589.5)",
  "context.moveTo(0, 601)",
  "context.lineTo(48, 601)",
  "context.fillStyle="#666666";",
  "context.fillText("26", 24, 612.5)",
  "context.moveTo(0, 624)",
  "context.lineTo(48, 624)",
  "context.fillStyle="#666666";",
  "context.fillText("27", 24, 635.5)",
  "context.moveTo(0, 647)",
  "context.lineTo(48, 647)",
  "context.fillStyle="#666666";",
  "context.fillText("28", 24, 658.5)",
  "context.moveTo(0, 670)",
  "context.lineTo(48, 670)",
  "context.fillStyle="#666666";",
  "context.fillText("29", 24, 681.5)",
  "context.moveTo(0, 693)",
  "context.lineTo(48, 693)",
  "context.fillStyle="#666666";",
  "context.fillText("30", 24, 704.5)",
  "context.moveTo(0, 716)",
  "context.lineTo(48, 716)",
  "context.fillStyle="#666666";",
  "context.fillText("31", 24, 727.5)",
  "context.moveTo(0, 739)",
  "context.lineTo(48, 739)",
  "context.fillStyle="#666666";",
  "context.fillText("32", 24, 750.5)",
  "context.moveTo(0, 762)",
  "context.lineTo(48, 762)",
  "context.fillStyle="#666666";",
  "context.fillText("33", 24, 773.5)",
  "context.moveTo(0, 785)",
  "context.lineTo(48, 785)",
  "context.fillStyle="#666666";",
  "context.fillText("34", 24, 796.5)",
  "context.moveTo(0, 808)",
  "context.lineTo(48, 808)",
  "context.fillStyle="#666666";",
  "context.fillText("35", 24, 819.5)",
  "context.moveTo(0, 831)",
  "context.lineTo(48, 831)",
  "context.fillStyle="#666666";",
  "context.fillText("36", 24, 842.5)",
  "context.moveTo(0, 854)",
  "context.lineTo(48, 854)",
  "context.fillStyle="#666666";",
  "context.fillText("37", 24, 865.5)",
  "context.moveTo(0, 877)",
  "context.lineTo(48, 877)",
  "context.fillStyle="#666666";",
  "context.fillText("38", 24, 888.5)",
  "context.moveTo(0, 900)",
  "context.lineTo(48, 900)",
  "context.fillStyle="#666666";",
  "context.fillText("39", 24, 911.5)",
  "context.moveTo(0, 923)",
  "context.lineTo(48, 923)",
  "context.fillStyle="#666666";",
  "context.fillText("40", 24, 934.5)",
  "context.moveTo(0, 946)",
  "context.lineTo(48, 946)",
  "context.fillStyle="#666666";",
  "context.fillText("41", 24, 957.5)",
  "context.moveTo(0, 969)",
  "context.lineTo(48, 969)",
  "context.fillStyle="#666666";",
  "context.fillText("42", 24, 980.5)",
  "context.moveTo(0, 992)",
  "context.lineTo(48, 992)",
  "context.fillStyle="#666666";",
  "context.fillText("43", 24, 1003.5)",
  "context.moveTo(0, 1015)",
  "context.lineTo(48, 1015)",
  "context.stroke()",
  "context.lineWidth=2.4000000000000004;",
  "context.strokeStyle="#BCBCBC";",
  "context.beginPath()",
  "context.stroke()",
  "context.restore()",
]
`;
