// Jest Snapshot v1, https://goo.gl/fbAQLP

exports[`Grid component simple rendering snapshot 1`] = `
<div
  class="o-grid w-100 h-100"
  tabindex="-1"
>
  <div
    class="o-grid-overlay overflow-hidden"
    style="top:26px; left:48px; height:calc(100% - 41px); width:calc(100% - 63px); "
  >
    <div
      class="position-absolute"
    >
      
    </div>
    
    
    
    
    
    
    
    
    
    <div
      class="o-grid-add-rows mt-2 ms-2 w-100 d-flex position-relative align-items-center"
      style="top:2300px; "
    >
      <button
        class="o-button o-button-grey"
      >
         Add 
      </button>
      <input
        class="o-grid-add-rows-input o-input mt-0 me-2"
        type="text"
        value="100"
      />
      <span>
        more rows at the bottom
      </span>
      
    </div>
    
  </div>
  
  <div
    class="o-overlay"
  >
    <div
      class="o-col-resizer"
    >
      
      
      
      
      
    </div>
    
    <div
      class="o-row-resizer"
    >
      
      
      
      
      
    </div>
    
    <div
      class="all"
    />
  </div>
  
  
  <div
    class="o-grid-composer"
    style="z-index: -1000;"
  >
    <div
      class="o-composer-container w-100 h-100"
    >
      <div
        class="o-composer w-100 text-start"
        contenteditable="true"
        spellcheck="false"
        style=""
        tabindex="1"
      />
      
    </div>
  </div>
  
  <canvas
    height="1011"
    style="width:1033px;height:1011px;"
    width="1033"
  />
  
  
  
  
  <div
    class="o-autofill"
    style="top:45px; left:140px; visibility:visible; "
  />
  <div
    class="o-autofill-handler"
    style="top:45px; left:140px; "
  />
  
  
  
  
  
  
  
  <div
    class="o-scrollbar vertical"
    style="top:26px; right:0px; width:15px; bottom:0px; "
  >
    <div
      style="width:1px; height:2374px; "
    />
  </div>
  
  <div
    class="o-scrollbar horizontal"
    style="left:48px; bottom:0px; height:15px; right:0px; "
  >
    <div
      style="width:2592px; height:1px; "
    />
  </div>
  
  <div
    class="o-scrollbar corner"
  />
</div>
`;
