// Jest Snapshot v1, https://goo.gl/fbAQLP

exports[`Chart error section Can render a chart error section component 1`] = `
<div>
  <div
    class="o-section"
  >
    
    <div
      class="d-flex align-items-center o-side-panel-error o-validation-error text-danger"
    >
      <div
        class="o-icon fa-small"
      >
        <i
          class="fa fa-exclamation-triangle"
        />
      </div>
      
      <span>
        error_1
      </span>
    </div>
    <div
      class="d-flex align-items-center o-side-panel-error o-validation-error text-danger"
    >
      <div
        class="o-icon fa-small"
      >
        <i
          class="fa fa-exclamation-triangle"
        />
      </div>
      
      <span>
        error_2
      </span>
    </div>
    
    
  </div>
</div>
`;
