// Jest Snapshot v1, https://goo.gl/fbAQLP

exports[`Panel color picker Can render a panel color picker component 1`] = `
<div>
  <div
    class="o-spreadsheet"
  >
    <div
      class="o-round-color-picker-button rounded-circle"
      style=""
    />
    
  </div>
</div>
`;
