// Jest Snapshot v1, https://goo.gl/fbAQLP

exports[`Grid composer grid composer basic style Grid composer snapshot 1`] = `
<div
  class="o-grid-composer"
  style="left:47px; top:26px; min-width:97px; min-height:24px; max-width:985px; max-height:985px; background:#ffffff; color:#000000; font-size:13px; font-style:normal; text-decoration:none; text-align:left; "
>
  <div
    class="o-composer-container w-100 h-100"
  >
    <div
      class="o-composer w-100 text-start active"
      contenteditable="true"
      spellcheck="false"
      style=""
      tabindex="1"
    >
      A
    </div>
    
  </div>
</div>
`;
