// Jest Snapshot v1, https://goo.gl/fbAQLP

exports[`formula assistant appearance simple snapshot with =FUNC1( 1`] = `
<div
  class="o-formula-assistant-container user-select-none shadow pe-auto"
>
  <div
    class="o-formula-assistant"
  >
    <div
      class="o-formula-assistant-head"
    >
      <span>
        FUNC1
      </span>
       ( 
      
      <span
        class="o-formula-assistant-focus"
      >
        <span>
          
          <span>
            f1Arg1
          </span>
          
          
        </span>
      </span>
      <span>
        , 
      </span>
      <span>
        <span>
          
          <span>
            f1Arg2
          </span>
          
          
        </span>
      </span>
      
      
       ) 
    </div>
    <div
      class="o-formula-assistant-core pb-3 m-3"
    >
      <div
        class="o-formula-assistant-gray"
      >
        ABOUT
      </div>
      <div>
        func1 def
      </div>
    </div>
    <div
      class="o-formula-assistant-arg p-3 pt-0 display-flex flex-column o-formula-assistant-gray o-formula-assistant-focus"
    >
      <div>
        <span>
          f1Arg1
        </span>
        
        
        
      </div>
      <div
        class="o-formula-assistant-arg-description"
      >
        f1 Arg1 def
      </div>
    </div>
    <div
      class="o-formula-assistant-arg p-3 pt-0 display-flex flex-column o-formula-assistant-gray"
    >
      <div>
        <span>
          f1Arg2
        </span>
        
        
        
      </div>
      <div
        class="o-formula-assistant-arg-description"
      >
        f1 Arg2 def
      </div>
    </div>
    
    
  </div>
</div>
`;
