// Jest Snapshot v1, https://goo.gl/fbAQLP

exports[`TextInput Can render a text input 1`] = `
<div>
  <div
    class="container"
  >
    <div
      class="w-100"
    >
      <input
        class="os-input w-100"
        type="text"
      />
    </div>
  </div>
</div>
`;
