// Jest Snapshot v1, https://goo.gl/fbAQLP

exports[`figures selected figure snapshot 1`] = `
<div
  class="o-figure-wrapper o-figure-selected"
  style="left:1px; top:1px; width:100px; height:100px; "
>
  <div
    class="o-figure w-100 h-100"
    data-id="someuuid"
    style=""
    tabindex="0"
  >
    <div
      class="o-fig-text"
    >
      coucou
    </div>
    
    <div
      class="o-figure-menu position-absolute m-2"
    >
      <div
        class="o-figure-menu-item d-flex-align-items-center"
      >
        <svg
          class="o-icon"
          viewBox="0 0 384 384"
          xmlns="http://www.w3.org/2000/svg"
        >
          <rect
            fill="currentColor"
            height="42.667"
            width="384"
            x="0"
            y="277.333"
          />
          <rect
            fill="currentColor"
            height="42.667"
            width="384"
            x="0"
            y="170.667"
          />
          <rect
            fill="currentColor"
            height="42.667"
            width="384"
            x="0"
            y="64"
          />
        </svg>
      </div>
      
      
    </div>
    
    <div
      class="position-absolute top-0 start-0 pe-none w-100 h-100"
    >
      <div
        class="o-figure-border pe-auto w-100 h-0 position-absolute pb-2"
        style="border-top: 2px solid #3266ca;"
      />
      <div
        class="o-figure-border pe-auto h-100 position-absolute start-0 ps-2"
        style="border-left: 2px solid #3266ca;"
      />
      <div
        class="o-figure-border pe-auto w-100 position-absolute bottom-0 pt-2"
        style="border-bottom: 2px solid #3266ca;"
      />
      <div
        class="o-figure-border pe-auto h-100 position-absolute end-0 pe-2"
        style="border-right: 2px solid #3266ca;"
      />
    </div>
    
  </div>
  <div
    class="o-fig-anchor o-top pe-auto"
    style="top:-3px; right:calc(50% - 3px); "
  />
  <div
    class="o-fig-anchor o-topRight pe-auto"
    style="top:-3px; right:-3px; "
  />
  <div
    class="o-fig-anchor o-right pe-auto"
    style="bottom:calc(50% - 3px); right:-3px; "
  />
  <div
    class="o-fig-anchor o-bottomRight pe-auto"
    style="bottom:-3px; right:-3px; "
  />
  <div
    class="o-fig-anchor o-bottom pe-auto"
    style="bottom:-3px; right:calc(50% - 3px); "
  />
  <div
    class="o-fig-anchor o-bottomLeft pe-auto"
    style="bottom:-3px; left:-3px; "
  />
  <div
    class="o-fig-anchor o-left pe-auto"
    style="bottom:calc(50% - 3px); left:-3px; "
  />
  <div
    class="o-fig-anchor o-topLeft pe-auto"
    style="top:-3px; left:-3px; "
  />
  
</div>
`;
