// Jest Snapshot v1, https://goo.gl/fbAQLP

exports[`Model export formula with unbound zone stays unbound 1`] = `
{
  "borders": {},
  "formats": {},
  "pivotNextId": 1,
  "pivots": {},
  "revisionId": "START_REVISION",
  "settings": {
    "locale": {
      "code": "en_US",
      "dateFormat": "m/d/yyyy",
      "decimalSeparator": ".",
      "formulaArgSeparator": ",",
      "name": "English (US)",
      "thousandsSeparator": ",",
      "timeFormat": "hh:mm:ss a",
    },
  },
  "sheets": [
    {
      "areGridLinesVisible": true,
      "cells": {
        "A1": {
          "content": "=SUM(A3:3)",
          "format": undefined,
          "style": undefined,
        },
        "A2": {
          "content": "=SUM(A3:A)",
          "format": undefined,
          "style": undefined,
        },
      },
      "colNumber": 26,
      "cols": {},
      "conditionalFormats": [],
      "dataValidationRules": [],
      "figures": [],
      "headerGroups": {
        "COL": [],
        "ROW": [],
      },
      "id": "Sheet1",
      "isVisible": true,
      "merges": [],
      "name": "Sheet1",
      "rowNumber": 100,
      "rows": {},
      "tables": [],
    },
  ],
  "styles": {},
  "uniqueFigureIds": true,
  "version": 16,
}
`;
