// Jest Snapshot v1, https://goo.gl/fbAQLP

exports[`Context Menu integration tests context menu simple rendering 1`] = `
<div
  class="o-menu"
  tabindex="-1"
>
  
  <div
    class="o-menu-item"
    data-name="cut"
    title="Cut"
  >
    <div
      class="d-flex w-100"
    >
      <div
        class="o-menu-item-icon align-middle"
      >
        <svg
          class="o-icon"
        >
          <path
            d="M3 2v2l4.5 5-1.2 1.3c-.4-.2-.8-.3-1.3-.3-1.7 0-3 1.3-3 3s1.3 3 3 3 3-1.3 3-3c0-.5-.1-.9-.3-1.3L9 10.4l1.3 1.3c-.2.4-.3.8-.3 1.3 0 1.7 1.3 3 3 3s3-1.3 3-3-1.3-3-3-3c-.5 0-.9.1-1.3.3L10.4 9 15 4.4V2h-.4L9 7.6 3.4 2H3Zm2 12.5c-.8 0-1.5-.7-1.5-1.5s.7-1.5 1.5-1.5 1.5.7 1.5 1.5-.7 1.5-1.5 1.5Zm9.5-1.5c0 .8-.7 1.5-1.5 1.5s-1.5-.7-1.5-1.5.7-1.5 1.5-1.5 1.5.7 1.5 1.5ZM9 8.5c.3 0 .5.2.5.5s-.2.5-.5.5-.5-.2-.5-.5.2-.5.5-.5"
            fill="currentColor"
          />
        </svg>
      </div>
      
      <div
        class="o-menu-item-name align-middle text-truncate"
      >
        Cut
      </div>
      <div
        class="o-menu-item-description ms-auto"
      >
        Ctrl+X
      </div>
      
      
    </div>
  </div>
  
  <div
    class="o-menu-item"
    data-name="copy"
    title="Copy"
  >
    <div
      class="d-flex w-100"
    >
      <div
        class="o-menu-item-icon align-middle"
      >
        <svg
          class="o-icon"
        >
          <path
            d="M14.5 15.23v1.5H3a1 1 0 0 1-1-1V3.23h1.5v11a1 1 0 0 0 1 1h10m0-3.5a1 1 0 0 1-1 1H7a1 1 0 0 1-1-1v-8a1 1 0 0 1 1-1h6.5a1 1 0 0 1 1 1m-9-2.5a1 1 0 0 0-1 1v11a1 1 0 0 0 1 1H15a1 1 0 0 0 1-1v-11a1 1 0 0 0-1-1"
            fill="currentColor"
          />
        </svg>
      </div>
      
      <div
        class="o-menu-item-name align-middle text-truncate"
      >
        Copy
      </div>
      <div
        class="o-menu-item-description ms-auto"
      >
        Ctrl+C
      </div>
      
      
    </div>
  </div>
  
  <div
    class="o-menu-item"
    data-name="paste"
    title="Paste"
  >
    <div
      class="d-flex w-100"
    >
      <div
        class="o-menu-item-icon align-middle"
      >
        <svg
          class="o-icon"
        >
          <path
            d="M14.5 2.5H11C10.7 1.6 10 1 9 1s-1.5.5-2 1.5H3.5C2.5 2.5 2 3 2 4v11c0 1 .5 1.5 1.5 1.5h11c1 0 1.5-.5 1.5-1.5V4c0-1-.5-1.5-1.5-1.5Zm-4.75.75c0 .5-.34.75-.75.75s-.75-.34-.75-.75.34-.75.75-.75.75.34.75.75ZM14.5 15h-11V4H5v2.5h8V4h1.5v11"
            fill="currentColor"
          />
        </svg>
      </div>
      
      <div
        class="o-menu-item-name align-middle text-truncate"
      >
        Paste
      </div>
      <div
        class="o-menu-item-description ms-auto"
      >
        Ctrl+V
      </div>
      
      
    </div>
  </div>
  
  <div
    class="o-menu-item o-menu-root"
    data-name="paste_special"
    title="Paste special"
  >
    <div
      class="d-flex w-100"
    >
      <div
        class="o-menu-item-icon align-middle"
      >
        <svg
          class="o-icon"
        >
          <path
            d="M14.5 2.5H11C10.7 1.6 10 1 9 1s-1.5.5-2 1.5H3.5C2.5 2.5 2 3 2 4v11c0 1 .5 1.5 1.5 1.5h11c1 0 1.5-.5 1.5-1.5V4c0-1-.5-1.5-1.5-1.5Zm-4.75.75c0 .5-.34.75-.75.75s-.75-.34-.75-.75.34-.75.75-.75.75.34.75.75ZM14.5 15h-11V4H5v2.5h8V4h1.5v11"
            fill="currentColor"
          />
        </svg>
      </div>
      
      <div
        class="o-menu-item-name align-middle text-truncate"
      >
        Paste special
      </div>
      
      <div
        class="o-menu-item-root align-middle ms-auto"
      >
        <svg
          class="o-icon"
        >
          <polygon
            fill="currentColor"
            points="0 0 4 4 0 8"
            transform="translate(5 5)"
          />
        </svg>
      </div>
      
    </div>
  </div>
  <div
    class="o-separator"
  />
  
  
  <div
    class="o-menu-item"
    data-name="add_row_before"
    title="Insert row"
  >
    <div
      class="d-flex w-100"
    >
      <div
        class="o-menu-item-icon align-middle"
      >
        <svg
          class="o-icon"
        >
          <path
            d="M3.5 14.5A1.5 1.5 0 0 0 5 16h10a1.5 1.5 0 0 0 1.5-1.5v-7h-3V5h3V1.5A1.5 1.5 0 0 0 15 0H5a1.5 1.5 0 0 0-1.5 1.5v2h-3V9h3M15 12.5v2H5v-2M15 9v2H5V9m10-7.5v2H5v-2M12 5v2.5H2V5"
            fill="currentColor"
          />
        </svg>
      </div>
      
      <div
        class="o-menu-item-name align-middle text-truncate"
      >
        Insert row
      </div>
      
      
    </div>
  </div>
  
  <div
    class="o-menu-item"
    data-name="add_column_before"
    title="Insert column"
  >
    <div
      class="d-flex w-100"
    >
      <div
        class="o-menu-item-icon align-middle"
      >
        <svg
          class="o-icon"
        >
          <path
            d="M15.5 3A1.5 1.5 0 0 1 17 4.5v10a1.5 1.5 0 0 1-1.5 1.5h-7v-3H6v3H2.5A1.5 1.5 0 0 1 1 14.5v-10A1.5 1.5 0 0 1 2.5 3h2V0H10v3m3.5 11.5h2v-10h-2m-3.5 10h2v-10h-2m-7.5 10h2v-10h-2m3.5 7h2.5v-10H6"
            fill="currentColor"
          />
        </svg>
      </div>
      
      <div
        class="o-menu-item-name align-middle text-truncate"
      >
        Insert column
      </div>
      
      
    </div>
  </div>
  
  <div
    class="o-menu-item o-menu-root"
    data-name="insert_cell"
    title="Insert cells"
  >
    <div
      class="d-flex w-100"
    >
      <div
        class="o-menu-item-icon align-middle"
      >
        <svg
          class="o-icon"
        >
          <path
            d="M.5 2A1.5 1.5 0 0 1 2 .5h14A1.5 1.5 0 0 1 17.5 2v14a1.5 1.5 0 0 1-1.5 1.5H2A1.5 1.5 0 0 1 .5 16V2H2v14h14V2H2"
            fill="currentColor"
          />
        </svg>
      </div>
      
      <div
        class="o-menu-item-name align-middle text-truncate"
      >
        Insert cells
      </div>
      
      <div
        class="o-menu-item-root align-middle ms-auto"
      >
        <svg
          class="o-icon"
        >
          <polygon
            fill="currentColor"
            points="0 0 4 4 0 8"
            transform="translate(5 5)"
          />
        </svg>
      </div>
      
    </div>
  </div>
  <div
    class="o-separator"
  />
  
  
  <div
    class="o-menu-item"
    data-name="delete_row"
    title="Delete row 8"
  >
    <div
      class="d-flex w-100"
    >
      <div
        class="o-menu-item-icon align-middle"
      >
        <svg
          class="o-icon"
        >
          <path
            d="M12 1.75v-1H6v1H1.5v2h1v12a1.5 1.5 0 0 0 1.5 1.5h10a1.5 1.5 0 0 0 1.5-1.5v-12h1v-2M4 15.75v-12h10v12Zm2-10.5h2v9H6Zm4 0h2v9h-2"
            fill="currentColor"
          />
        </svg>
      </div>
      
      <div
        class="o-menu-item-name align-middle text-truncate"
      >
        Delete row 8
      </div>
      
      
    </div>
  </div>
  
  <div
    class="o-menu-item"
    data-name="delete_column"
    title="Delete column C"
  >
    <div
      class="d-flex w-100"
    >
      <div
        class="o-menu-item-icon align-middle"
      >
        <svg
          class="o-icon"
        >
          <path
            d="M12 1.75v-1H6v1H1.5v2h1v12a1.5 1.5 0 0 0 1.5 1.5h10a1.5 1.5 0 0 0 1.5-1.5v-12h1v-2M4 15.75v-12h10v12Zm2-10.5h2v9H6Zm4 0h2v9h-2"
            fill="currentColor"
          />
        </svg>
      </div>
      
      <div
        class="o-menu-item-name align-middle text-truncate"
      >
        Delete column C
      </div>
      
      
    </div>
  </div>
  
  <div
    class="o-menu-item o-menu-root"
    data-name="delete_cell"
    title="Delete cells"
  >
    <div
      class="d-flex w-100"
    >
      <div
        class="o-menu-item-icon align-middle"
      >
        <svg
          class="o-icon"
        >
          <path
            d="M12 1.75v-1H6v1H1.5v2h1v12a1.5 1.5 0 0 0 1.5 1.5h10a1.5 1.5 0 0 0 1.5-1.5v-12h1v-2M4 15.75v-12h10v12Zm2-10.5h2v9H6Zm4 0h2v9h-2"
            fill="currentColor"
          />
        </svg>
      </div>
      
      <div
        class="o-menu-item-name align-middle text-truncate"
      >
        Delete cells
      </div>
      
      <div
        class="o-menu-item-root align-middle ms-auto"
      >
        <svg
          class="o-icon"
        >
          <polygon
            fill="currentColor"
            points="0 0 4 4 0 8"
            transform="translate(5 5)"
          />
        </svg>
      </div>
      
    </div>
  </div>
  <div
    class="o-separator"
  />
  
  
  <div
    class="o-menu-item"
    data-name="insert_link"
    title="Insert link"
  >
    <div
      class="d-flex w-100"
    >
      <div
        class="o-menu-item-icon align-middle"
      >
        <svg
          class="o-icon"
          fill="currentColor"
        >
          <path
            d="M6.88 13.69c.19-.19.41-.28.68-.28.27 0 .51.09.72.28.43.45.43.92 0 1.4l-.84.8c-.75.75-1.63 1.12-2.64 1.12-1.04 0-1.93-.37-2.68-1.12C1.37 15.14 1 14.26 1 13.25c0-1.04.37-1.93 1.12-2.68l2.96-2.96c.93-.9 1.89-1.42 2.88-1.54.98-.12 1.84.17 2.56.86.21.21.32.45.32.72 0 .26-.1.51-.32.72-.48.43-.95.43-1.4 0-.67-.64-1.55-.41-2.67.68l-2.93 2.92c-.35.35-.52.77-.52 1.28s.17.92.52 1.24c.35.35.76.52 1.26.52.49 0 .91-.17 1.26-.52l.84-.8m9-11.48c.75.75 1.12 1.63 1.12 2.64 0 1.04-.37 1.94-1.12 2.68l-3.16 3.16c-.99.96-1.99 1.44-3 1.44-.83 0-1.57-.33-2.24-1a.913.913 0 0 1-.28-.68c0-.27.09-.5.27-.72.19-.19.43-.28.71-.28.28 0 .51.09.7.28.66.64 1.48.48 2.44-.48l3.16-3.12c.37-.37.56-.8.56-1.28 0-.51-.19-.92-.56-1.24-.32-.35-.7-.56-1.12-.62-.43-.07-.83.07-1.2.42l-1 1c-.22.19-.45.28-.72.28-.26 0-.5-.09-.68-.28-.46-.45-.46-.92 0-1.4l1-1c.72-.72 1.56-1.06 2.54-1.02.97.04 1.83.45 2.58 1.22"
          />
        </svg>
      </div>
      
      <div
        class="o-menu-item-name align-middle text-truncate"
      >
        Insert link
      </div>
      
      
    </div>
  </div>
  
</div>
`;
