// Jest Snapshot v1, https://goo.gl/fbAQLP

exports[`Filter menu component Filter Tests Filter menu is correctly rendered 1`] = `
<div
  class="o-filter-menu d-flex flex-column bg-white"
>
  <div>
    <div
      class="o-filter-menu-item"
    >
       Sort ascending (A ⟶ Z) 
    </div>
    <div
      class="o-filter-menu-item"
    >
       Sort descending (Z ⟶ A) 
    </div>
  </div>
  <div
    class="o-separator"
  />
  <div
    class="o-filter-menu-actions"
  >
    <div
      class="o-filter-menu-action-text"
    >
      Select all
    </div>
    <div
      class="o-filter-menu-action-text"
    >
      Clear
    </div>
  </div>
  <div
    class="position-relative"
  >
    <input
      class="w-100"
      placeholder="Search..."
      type="text"
    />
    <i
      class="o-search-icon position-absolute"
    >
      <svg
        class="search-icon"
        focusable="false"
        height="10"
        viewBox="0 0 512 512"
        width="10"
      >
        <path
          d="M500.3 443.7l-119.7-119.7c27.22-40.41 40.65-90.9 33.46-144.7C401.8 87.79 326.8 13.32 235.2 1.723C99.01-15.51-15.51 99.01 1.724 235.2c11.6 91.64 86.08 166.7 177.6 178.9c53.8 7.189 104.3-6.236 144.7-33.46l119.7 119.7c15.62 15.62 40.95 15.62 56.57 0C515.9 484.7 515.9 459.3 500.3 443.7zM79.1 208c0-70.58 57.42-128 128-128s128 57.42 128 128c0 70.58-57.42 128-128 128S79.1 278.6 79.1 208z"
          fill="#949494"
        />
      </svg>
    </i>
  </div>
  <div
    class="o-filter-menu-list d-flex flex-column rounded"
  >
    <div
      class="o-filter-menu-item o-filter-menu-value"
    >
      <div>
        <div
          class="o-filter-menu-value-checked"
        >
          <span>
            ✓
          </span>
        </div>
      </div>
      <div
        class="o-filter-menu-value-text text-truncate"
      >
        (Blanks)
        
        
      </div>
    </div>
    <div
      class="o-filter-menu-item o-filter-menu-value"
    >
      <div>
        <div
          class="o-filter-menu-value-checked"
        >
          <span>
            ✓
          </span>
        </div>
      </div>
      <div
        class="o-filter-menu-value-text text-truncate"
      >
        
        1
        
      </div>
    </div>
    <div
      class="o-filter-menu-item o-filter-menu-value"
    >
      <div>
        <div
          class="o-filter-menu-value-checked"
        >
          <span>
            ✓
          </span>
        </div>
      </div>
      <div
        class="o-filter-menu-value-text text-truncate"
      >
        
        2
        
      </div>
    </div>
    
    
    
  </div>
  <div
    class="o-filter-menu-buttons d-flex justify-content-end"
  >
    <div
      class="o-filter-menu-button o-filter-menu-button-cancel"
    >
       Cancel 
    </div>
    <div
      class="o-filter-menu-button o-filter-menu-button-primary"
    >
       Confirm 
    </div>
  </div>
</div>
`;
