// Jest Snapshot v1, https://goo.gl/fbAQLP

exports[`Grid component simple rendering snapshot 1`] = `
<div
  class="o-grid"
>
  <canvas
    height="985"
    style="width:985px;height:985px;"
    tabindex="-1"
    width="985"
  />
  <div
    class="o-overlay"
  >
    <div
      class="o-col-resizer"
    />
    <div
      class="o-row-resizer"
    />
    <div
      class="all"
    />
  </div>
  <div
    class="o-scrollbar vertical"
  >
    <div
      style="width:1px;height:2328px"
    />
  </div>
  <div
    class="o-scrollbar horizontal"
  >
    <div
      style="height:1px;width:2592px"
    />
  </div>
</div>
`;
