// Jest Snapshot v1, https://goo.gl/fbAQLP

exports[`Grid component simple rendering snapshot 1`] = `
<div
  class="o-grid o-two-columns"
>
  
  <input
    class="position-absolute"
    style="z-index:-1000;"
  />
  <canvas
    height="985"
    style="width:985px;height:985px;"
    tabindex="-1"
    width="985"
  />
  
  
  
  
  
  <div
    class="o-autofill"
    style="top:45px;left:140px"
  >
    <div
      class="o-autofill-handler"
      style="top:0px;left:0px;"
    />
    
  </div>
  
  
  
  <div
    class="o-overlay"
  >
    <div
      class="o-col-resizer"
    >
      
      
      
      
      
    </div>
    
    <div
      class="o-row-resizer"
    >
      
      
      
      
      
    </div>
    
    <div
      class="all"
    />
  </div>
  
  
  <div>
    
  </div>
  
  <div
    class="o-scrollbar vertical"
  >
    <div
      style="width:1px;height:2328px"
    />
  </div>
  <div
    class="o-scrollbar horizontal"
  >
    <div
      style="height:1px;width:2592px"
    />
  </div>
</div>
`;

exports[`error tooltip can display error tooltip 1`] = `
<div
  style="
      position: absolute;
      z-index: 5;
      top:250px;
      left:336px;
      max-height:934px;
      width:180px;
      overflow-y: auto;
      overflow-x: hidden;
      box-shadow: 1px 2px 5px 2px rgb(51 51 51 / 15%);
    "
>
  <div
    class="o-error-tooltip"
  >
    The divisor must be different from zero.
  </div>
</div>
`;
