// Jest Snapshot v1, https://goo.gl/fbAQLP

exports[`NumberInput Can render a number input 1`] = `
<div>
  <div
    class="container"
  >
    <input
      class="o-input"
      type="number"
    />
  </div>
</div>
`;
