// Jest Snapshot v1, https://goo.gl/fbAQLP

exports[`Pivot HTML Renderer Rendering a simple pivot table 1`] = `
<div>
  <div
    class="o_pivot_html_renderer"
  >
    <label
      class="o-checkbox d-flex align-items-center m-2"
    >
      <input
        class="me-2"
        name="missing_values"
        type="checkbox"
      />
      Display missing cells only
      
    </label>
    
    <table
      class="o_pivot_html_renderer"
    >
      <tr>
        <th
          rowspan="2"
        />
        
        <th
          class="o_missing_value"
          colspan="1"
        >
          Total
        </th>
        
        
      </tr>
      <tr>
        
        <th
          class="o_missing_value"
          colspan="1"
        >
          Score
        </th>
        
        
      </tr>
      
      
      <tr>
        <th
          class="o_missing_value"
        >
          Alice
        </th>
        <td
          class="o_missing_value"
        >
          1
        </td>
        
        
      </tr>
      <tr>
        <th
          class="o_missing_value"
        >
          Bob
        </th>
        <td
          class="o_missing_value"
        >
          1
        </td>
        
        
      </tr>
      <tr>
        <th
          class="o_missing_value"
        >
          Total
        </th>
        <td
          class="o_missing_value"
        >
          2
        </td>
        
        
      </tr>
      
      
    </table>
    
    
  </div>
</div>
`;
